[    0.000000] Linux version 4.15.0-91-generic (buildd@lgw01-amd64-013) (gcc version 7.4.0 (Ubuntu 7.4.0-1ubuntu1~18.04.1)) #92-Ubuntu SMP Fri Feb 28 11:09:48 UTC 2020 (Ubuntu 4.15.0-91.92-generic 4.15.18)
[    0.000000] Command line: BOOT_IMAGE=/boot/vmlinuz-4.15.0-91-generic root=LABEL=cloudimg-rootfs ro console=tty1 console=ttyS0
[    0.000000] KERNEL supported cpus:
[    0.000000]   Intel GenuineIntel
[    0.000000]   AMD AuthenticAMD
[    0.000000]   Centaur CentaurHauls
[    0.000000] x86/fpu: Supporting XSAVE feature 0x001: 'x87 floating point registers'
[    0.000000] x86/fpu: Supporting XSAVE feature 0x002: 'SSE registers'
[    0.000000] x86/fpu: Supporting XSAVE feature 0x004: 'AVX registers'
[    0.000000] x86/fpu: xstate_offset[2]:  576, xstate_sizes[2]:  256
[    0.000000] x86/fpu: Enabled xstate features 0x7, context size is 832 bytes, using 'standard' format.
[    0.000000] e820: BIOS-provided physical RAM map:
[    0.000000] BIOS-e820: [mem 0x0000000000000000-0x000000000009fbff] usable
[    0.000000] BIOS-e820: [mem 0x000000000009fc00-0x000000000009ffff] reserved
[    0.000000] BIOS-e820: [mem 0x00000000000f0000-0x00000000000fffff] reserved
[    0.000000] BIOS-e820: [mem 0x0000000000100000-0x000000003ffeffff] usable
[    0.000000] BIOS-e820: [mem 0x000000003fff0000-0x000000003fffffff] ACPI data
[    0.000000] BIOS-e820: [mem 0x00000000fec00000-0x00000000fec00fff] reserved
[    0.000000] BIOS-e820: [mem 0x00000000fee00000-0x00000000fee00fff] reserved
[    0.000000] BIOS-e820: [mem 0x00000000fffc0000-0x00000000ffffffff] reserved
[    0.000000] NX (Execute Disable) protection: active
[    0.000000] SMBIOS 2.5 present.
[    0.000000] DMI: innotek GmbH VirtualBox/VirtualBox, BIOS VirtualBox 12/01/2006
[    0.000000] Hypervisor detected: KVM
[    0.000000] e820: last_pfn = 0x3fff0 max_arch_pfn = 0x400000000
[    0.000000] MTRR: Disabled
[    0.000000] x86/PAT: MTRRs disabled, skipping PAT initialization too.
[    0.000000] CPU MTRRs all blank - virtualized system.
[    0.000000] x86/PAT: Configuration [0-7]: WB  WT  UC- UC  WB  WT  UC- UC  
[    0.000000] found SMP MP-table at [mem 0x0009fff0-0x0009ffff]
[    0.000000] Scanning 1 areas for low memory corruption
[    0.000000] RAMDISK: [mem 0x3595b000-0x36ca4fff]
[    0.000000] ACPI: Early table checksum verification disabled
[    0.000000] ACPI: RSDP 0x00000000000E0000 000024 (v02 VBOX  )
[    0.000000] ACPI: XSDT 0x000000003FFF0030 00003C (v01 VBOX   VBOXXSDT 00000001 ASL  00000061)
[    0.000000] ACPI: FACP 0x000000003FFF00F0 0000F4 (v04 VBOX   VBOXFACP 00000001 ASL  00000061)
[    0.000000] ACPI: DSDT 0x000000003FFF0470 0022EA (v02 VBOX   VBOXBIOS 00000002 INTL 20100528)
[    0.000000] ACPI: FACS 0x000000003FFF0200 000040
[    0.000000] ACPI: FACS 0x000000003FFF0200 000040
[    0.000000] ACPI: APIC 0x000000003FFF0240 00005C (v02 VBOX   VBOXAPIC 00000001 ASL  00000061)
[    0.000000] ACPI: SSDT 0x000000003FFF02A0 0001CC (v01 VBOX   VBOXCPUT 00000002 INTL 20100528)
[    0.000000] No NUMA configuration found
[    0.000000] Faking a node at [mem 0x0000000000000000-0x000000003ffeffff]
[    0.000000] NODE_DATA(0) allocated [mem 0x3ffc5000-0x3ffeffff]
[    0.000000] kvm-clock: cpu 0, msr 0:3ff44001, primary cpu clock
[    0.000000] kvm-clock: Using msrs 4b564d01 and 4b564d00
[    0.000000] kvm-clock: using sched offset of 4407101082 cycles
[    0.000000] clocksource: kvm-clock: mask: 0xffffffffffffffff max_cycles: 0x1cd42e4dffb, max_idle_ns: 881590591483 ns
[    0.000000] Zone ranges:
[    0.000000]   DMA      [mem 0x0000000000001000-0x0000000000ffffff]
[    0.000000]   DMA32    [mem 0x0000000001000000-0x000000003ffeffff]
[    0.000000]   Normal   empty
[    0.000000]   Device   empty
[    0.000000] Movable zone start for each node
[    0.000000] Early memory node ranges
[    0.000000]   node   0: [mem 0x0000000000001000-0x000000000009efff]
[    0.000000]   node   0: [mem 0x0000000000100000-0x000000003ffeffff]
[    0.000000] Reserved but unavailable: 98 pages
[    0.000000] Initmem setup node 0 [mem 0x0000000000001000-0x000000003ffeffff]
[    0.000000] ACPI: PM-Timer IO Port: 0x4008
[    0.000000] IOAPIC[0]: apic_id 2, version 32, address 0xfec00000, GSI 0-23
[    0.000000] ACPI: INT_SRC_OVR (bus 0 bus_irq 0 global_irq 2 dfl dfl)
[    0.000000] ACPI: INT_SRC_OVR (bus 0 bus_irq 9 global_irq 9 low level)
[    0.000000] Using ACPI (MADT) for SMP configuration information
[    0.000000] smpboot: Allowing 2 CPUs, 0 hotplug CPUs
[    0.000000] PM: Registered nosave memory: [mem 0x00000000-0x00000fff]
[    0.000000] PM: Registered nosave memory: [mem 0x0009f000-0x0009ffff]
[    0.000000] PM: Registered nosave memory: [mem 0x000a0000-0x000effff]
[    0.000000] PM: Registered nosave memory: [mem 0x000f0000-0x000fffff]
[    0.000000] e820: [mem 0x40000000-0xfebfffff] available for PCI devices
[    0.000000] Booting paravirtualized kernel on KVM
[    0.000000] clocksource: refined-jiffies: mask: 0xffffffff max_cycles: 0xffffffff, max_idle_ns: 7645519600211568 ns
[    0.000000] random: get_random_bytes called from start_kernel+0x99/0x4fd with crng_init=0
[    0.000000] setup_percpu: NR_CPUS:8192 nr_cpumask_bits:2 nr_cpu_ids:2 nr_node_ids:1
[    0.000000] percpu: Embedded 45 pages/cpu s147456 r8192 d28672 u1048576
[    0.000000] PV qspinlock hash table entries: 256 (order: 0, 4096 bytes)
[    0.000000] Built 1 zonelists, mobility grouping on.  Total pages: 257913
[    0.000000] Policy zone: DMA32
[    0.000000] Kernel command line: BOOT_IMAGE=/boot/vmlinuz-4.15.0-91-generic root=LABEL=cloudimg-rootfs ro console=tty1 console=ttyS0
[    0.000000] Memory: 982516K/1048120K available (12300K kernel code, 2481K rwdata, 4264K rodata, 2432K init, 2712K bss, 65604K reserved, 0K cma-reserved)
[    0.000000] SLUB: HWalign=64, Order=0-3, MinObjects=0, CPUs=2, Nodes=1
[    0.000000] Kernel/User page tables isolation: enabled
[    0.000000] ftrace: allocating 39347 entries in 154 pages
[    0.004000] Hierarchical RCU implementation.
[    0.004000] 	RCU restricting CPUs from NR_CPUS=8192 to nr_cpu_ids=2.
[    0.004000] 	Tasks RCU enabled.
[    0.004000] RCU: Adjusting geometry for rcu_fanout_leaf=16, nr_cpu_ids=2
[    0.004000] NR_IRQS: 524544, nr_irqs: 440, preallocated irqs: 16
[    0.004000] Console: colour VGA+ 80x25
[    0.004000] console [tty1] enabled
[    0.004000] console [ttyS0] enabled
[    0.004000] ACPI: Core revision 20170831
[    0.004000] ACPI: 2 ACPI AML tables successfully acquired and loaded
[    0.004000] APIC: Switch to symmetric I/O mode setup
[    0.004000] x2apic enabled
[    0.004000] Switched APIC routing to physical x2apic.
[    0.004000] ..TIMER: vector=0x30 apic1=0 pin1=2 apic2=-1 pin2=-1
[    0.004005] tsc: Detected 2303.998 MHz processor
[    0.005220] Calibrating delay loop (skipped) preset value.. 4607.99 BogoMIPS (lpj=9215992)
[    0.008005] pid_max: default: 32768 minimum: 301
[    0.012038] Security Framework initialized
[    0.014099] Yama: becoming mindful.
[    0.015213] AppArmor: AppArmor initialized
[    0.017652] Dentry cache hash table entries: 131072 (order: 8, 1048576 bytes)
[    0.020272] Inode-cache hash table entries: 65536 (order: 7, 524288 bytes)
[    0.022390] Mount-cache hash table entries: 2048 (order: 2, 16384 bytes)
[    0.024009] Mountpoint-cache hash table entries: 2048 (order: 2, 16384 bytes)
[    0.028400] Last level iTLB entries: 4KB 64, 2MB 8, 4MB 8
[    0.030676] Last level dTLB entries: 4KB 64, 2MB 0, 4MB 0, 1GB 4
[    0.032004] Spectre V1 : Mitigation: usercopy/swapgs barriers and __user pointer sanitization
[    0.036004] Spectre V2 : Mitigation: Full generic retpoline
[    0.038499] Spectre V2 : Spectre v2 / SpectreRSB mitigation: Filling RSB on context switch
[    0.040004] Speculative Store Bypass: Vulnerable
[    0.041582] MDS: Mitigation: Clear CPU buffers
[    0.044512] Freeing SMP alternatives memory: 36K
[    0.157703] smpboot: CPU0: Intel(R) Core(TM) i5-7360U CPU @ 2.30GHz (family: 0x6, model: 0x8e, stepping: 0x9)
[    0.160000] Performance Events: unsupported p6 CPU model 142 no PMU driver, software events only.
[    0.160031] Hierarchical SRCU implementation.
[    0.161533] NMI watchdog: Perf event create on CPU 0 failed with -2
[    0.163097] NMI watchdog: Perf NMI watchdog permanently disabled
[    0.164055] smp: Bringing up secondary CPUs ...
[    0.165386] x86: Booting SMP configuration:
[    0.168004] .... node  #0, CPUs:      #1
[    0.004000] kvm-clock: cpu 1, msr 0:3ff44041, secondary cpu clock
[    0.174482] smp: Brought up 1 node, 2 CPUs
[    0.174482] smpboot: Max logical packages: 1
[    0.176009] smpboot: Total of 2 processors activated (9215.99 BogoMIPS)
[    0.177853] devtmpfs: initialized
[    0.180045] x86/mm: Memory block size: 128MB
[    0.181423] evm: security.selinux
[    0.182276] evm: security.SMACK64
[    0.182968] evm: security.SMACK64EXEC
[    0.183654] evm: security.SMACK64TRANSMUTE
[    0.184005] evm: security.SMACK64MMAP
[    0.184689] evm: security.apparmor
[    0.185463] evm: security.ima
[    0.186276] evm: security.capability
[    0.188213] clocksource: jiffies: mask: 0xffffffff max_cycles: 0xffffffff, max_idle_ns: 7645041785100000 ns
[    0.191279] futex hash table entries: 512 (order: 3, 32768 bytes)
[    0.193191] pinctrl core: initialized pinctrl subsystem
[    0.194249] RTC time:  6:32:21, date: 04/01/20
[    0.196167] NET: Registered protocol family 16
[    0.197541] audit: initializing netlink subsys (disabled)
[    0.198791] audit: type=2000 audit(1585722747.224:1): state=initialized audit_enabled=0 res=1
[    0.200009] cpuidle: using governor ladder
[    0.201159] cpuidle: using governor menu
[    0.201935] ACPI: bus type PCI registered
[    0.202727] acpiphp: ACPI Hot Plug PCI Controller Driver version: 0.5
[    0.204095] PCI: Using configuration type 1 for base access
[    0.205511] HugeTLB registered 2.00 MiB page size, pre-allocated 0 pages
[    0.208065] ACPI: Added _OSI(Module Device)
[    0.209353] ACPI: Added _OSI(Processor Device)
[    0.210227] ACPI: Added _OSI(3.0 _SCP Extensions)
[    0.212003] ACPI: Added _OSI(Processor Aggregator Device)
[    0.212975] ACPI: Added _OSI(Linux-Dell-Video)
[    0.214227] ACPI: Added _OSI(Linux-Lenovo-NV-HDMI-Audio)
[    0.216011] ACPI: Added _OSI(Linux-HPI-Hybrid-Graphics)
[    0.217309] ACPI: Executed 1 blocks of module-level executable AML code
[    0.221036] ACPI: Interpreter enabled
[    0.221974] ACPI: (supports S0 S5)
[    0.223035] ACPI: Using IOAPIC for interrupt routing
[    0.224000] PCI: Using host bridge windows from ACPI; if necessary, use "pci=nocrs" and report a bug
[    0.224188] ACPI: Enabled 2 GPEs in block 00 to 07
[    0.233812] ACPI: PCI Root Bridge [PCI0] (domain 0000 [bus 00-ff])
[    0.235414] acpi PNP0A03:00: _OSC: OS supports [ASPM ClockPM Segments MSI]
[    0.236373] acpi PNP0A03:00: _OSC: not requesting OS control; OS requires [ExtendedConfig ASPM ClockPM MSI]
[    0.238631] acpi PNP0A03:00: fail to add MMCONFIG information, can't access extended PCI configuration space under this bridge.
[    0.240423] PCI host bridge to bus 0000:00
[    0.241242] pci_bus 0000:00: root bus resource [io  0x0000-0x0cf7 window]
[    0.244003] pci_bus 0000:00: root bus resource [io  0x0d00-0xffff window]
[    0.245209] pci_bus 0000:00: root bus resource [mem 0x000a0000-0x000bffff window]
[    0.247160] pci_bus 0000:00: root bus resource [mem 0x40000000-0xfdffffff window]
[    0.248007] pci_bus 0000:00: root bus resource [bus 00-ff]
[    0.252786] pci 0000:00:01.1: legacy IDE quirk: reg 0x10: [io  0x01f0-0x01f7]
[    0.255127] pci 0000:00:01.1: legacy IDE quirk: reg 0x14: [io  0x03f6]
[    0.256008] pci 0000:00:01.1: legacy IDE quirk: reg 0x18: [io  0x0170-0x0177]
[    0.257273] pci 0000:00:01.1: legacy IDE quirk: reg 0x1c: [io  0x0376]
[    0.275211] pci 0000:00:07.0: quirk: [io  0x4000-0x403f] claimed by PIIX4 ACPI
[    0.276019] pci 0000:00:07.0: quirk: [io  0x4100-0x410f] claimed by PIIX4 SMB
[    0.292009] ACPI: PCI Interrupt Link [LNKA] (IRQs 5 9 10 *11)
[    0.293405] ACPI: PCI Interrupt Link [LNKB] (IRQs 5 9 *10 11)
[    0.294818] ACPI: PCI Interrupt Link [LNKC] (IRQs 5 *9 10 11)
[    0.296157] ACPI: PCI Interrupt Link [LNKD] (IRQs 5 9 10 *11)
[    0.300213] SCSI subsystem initialized
[    0.300971] pci 0000:00:02.0: vgaarb: setting as boot VGA device
[    0.301544] pci 0000:00:02.0: vgaarb: VGA device added: decodes=io+mem,owns=io+mem,locks=none
[    0.304030] pci 0000:00:02.0: vgaarb: bridge control possible
[    0.308003] vgaarb: loaded
[    0.308581] ACPI: bus type USB registered
[    0.309387] usbcore: registered new interface driver usbfs
[    0.312015] usbcore: registered new interface driver hub
[    0.313546] usbcore: registered new device driver usb
[    0.314551] EDAC MC: Ver: 3.0.0
[    0.316027] PCI: Using ACPI for IRQ routing
[    0.317124] NetLabel: Initializing
[    0.317775] NetLabel:  domain hash size = 128
[    0.318579] NetLabel:  protocols = UNLABELED CIPSOv4 CALIPSO
[    0.319628] NetLabel:  unlabeled traffic allowed by default
[    0.320063] clocksource: Switched to clocksource kvm-clock
[    0.332855] VFS: Disk quotas dquot_6.6.0
[    0.334461] VFS: Dquot-cache hash table entries: 512 (order 0, 4096 bytes)
[    0.336475] AppArmor: AppArmor Filesystem Enabled
[    0.337378] pnp: PnP ACPI init
[    0.339122] pnp: PnP ACPI: found 3 devices
[    0.349139] clocksource: acpi_pm: mask: 0xffffff max_cycles: 0xffffff, max_idle_ns: 2085701024 ns
[    0.351523] NET: Registered protocol family 2
[    0.353273] TCP established hash table entries: 8192 (order: 4, 65536 bytes)
[    0.354685] TCP bind hash table entries: 8192 (order: 5, 131072 bytes)
[    0.356967] TCP: Hash tables configured (established 8192 bind 8192)
[    0.358197] UDP hash table entries: 512 (order: 2, 16384 bytes)
[    0.359398] UDP-Lite hash table entries: 512 (order: 2, 16384 bytes)
[    0.361056] NET: Registered protocol family 1
[    0.361873] pci 0000:00:00.0: Limiting direct PCI/PCI transfers
[    0.363281] pci 0000:00:01.0: Activating ISA DMA hang workarounds
[    0.365130] pci 0000:00:02.0: Video device with shadowed ROM at [mem 0x000c0000-0x000dffff]
[    0.366824] Unpacking initramfs...
[    0.642384] Freeing initrd memory: 19752K
[    0.643691] clocksource: tsc: mask: 0xffffffffffffffff max_cycles: 0x2135f5e6f15, max_idle_ns: 440795231538 ns
[    0.646001] platform rtc_cmos: registered platform RTC device (no PNP device found)
[    0.647416] Scanning for low memory corruption every 60 seconds
[    0.649028] Initialise system trusted keyrings
[    0.650291] Key type blacklist registered
[    0.651108] workingset: timestamp_bits=36 max_order=18 bucket_order=0
[    0.653000] zbud: loaded
[    0.654335] squashfs: version 4.0 (2009/01/31) Phillip Lougher
[    0.656193] fuse init (API version 7.26)
[    0.658968] Key type asymmetric registered
[    0.660054] Asymmetric key parser 'x509' registered
[    0.661008] Block layer SCSI generic (bsg) driver version 0.4 loaded (major 246)
[    0.663085] io scheduler noop registered
[    0.664090] io scheduler deadline registered
[    0.664989] io scheduler cfq registered (default)
[    0.666418] ACPI: AC Adapter [AC] (off-line)
[    0.667258] input: Power Button as /devices/LNXSYSTM:00/LNXPWRBN:00/input/input0
[    0.668743] ACPI: Power Button [PWRF]
[    0.669509] input: Sleep Button as /devices/LNXSYSTM:00/LNXSLPBN:00/input/input1
[    0.671380] ACPI: Sleep Button [SLPF]
[    0.673312] ACPI: Battery Slot [BAT0] (battery present)
[    0.674748] Serial: 8250/16550 driver, 32 ports, IRQ sharing enabled
[    0.697175] 00:02: ttyS0 at I/O 0x3f8 (irq = 4, base_baud = 115200) is a 16550A
[    0.701467] Linux agpgart interface v0.103
[    0.704984] loop: module loaded
[    0.706086] scsi host0: ata_piix
[    0.707232] scsi host1: ata_piix
[    0.707870] ata1: PATA max UDMA/33 cmd 0x1f0 ctl 0x3f6 bmdma 0xd000 irq 14
[    0.709123] ata2: PATA max UDMA/33 cmd 0x170 ctl 0x376 bmdma 0xd008 irq 15
[    0.710730] libphy: Fixed MDIO Bus: probed
[    0.711903] tun: Universal TUN/TAP device driver, 1.6
[    0.712930] PPP generic driver version 2.4.2
[    0.713783] ehci_hcd: USB 2.0 'Enhanced' Host Controller (EHCI) Driver
[    0.715372] ehci-pci: EHCI PCI platform driver
[    0.716249] ehci-platform: EHCI generic platform driver
[    0.717205] ohci_hcd: USB 1.1 'Open' Host Controller (OHCI) Driver
[    0.718304] ohci-pci: OHCI PCI platform driver
[    0.719576] ohci-platform: OHCI generic platform driver
[    0.720982] uhci_hcd: USB Universal Host Controller Interface driver
[    0.722163] i8042: PNP: PS/2 Controller [PNP0303:PS2K,PNP0f03:PS2M] at 0x60,0x64 irq 1,12
[    0.724036] serio: i8042 KBD port at 0x60,0x64 irq 1
[    0.725031] serio: i8042 AUX port at 0x60,0x64 irq 12
[    0.726160] mousedev: PS/2 mouse device common for all mice
[    0.728300] input: AT Translated Set 2 keyboard as /devices/platform/i8042/serio0/input/input2
[    0.730688] rtc_cmos rtc_cmos: rtc core: registered rtc_cmos as rtc0
[    0.732079] rtc_cmos rtc_cmos: alarms up to one day, 114 bytes nvram
[    0.733219] i2c /dev entries driver
[    0.734211] device-mapper: uevent: version 1.0.3
[    0.735214] device-mapper: ioctl: 4.37.0-ioctl (2017-09-20) initialised: dm-devel@redhat.com
[    0.737394] ledtrig-cpu: registered to indicate activity on CPUs
[    0.738746] NET: Registered protocol family 10
[    0.743012] Segment Routing with IPv6
[    0.744326] NET: Registered protocol family 17
[    0.745380] Key type dns_resolver registered
[    0.746718] mce: Using 0 MCE banks
[    0.747376] RAS: Correctable Errors collector initialized.
[    0.748422] sched_clock: Marking stable (748407295, 0)->(985561835, -237154540)
[    0.750084] registered taskstats version 1
[    0.750852] Loading compiled-in X.509 certificates
[    0.754216] Loaded X.509 cert 'Build time autogenerated kernel key: d019e8c5f4cbc828f6af43369f65a014a3a68371'
[    0.756461] zswap: loaded using pool lzo/zbud
[    0.778202] Key type big_key registered
[    0.779566] Key type trusted registered
[    0.782493] Key type encrypted registered
[    0.783524] AppArmor: AppArmor sha1 policy hashing enabled
[    0.784998] ima: No TPM chip found, activating TPM-bypass! (rc=-19)
[    0.788010] ima: Allocated hash algorithm: sha1
[    0.789265] evm: HMAC attrs: 0x1
[    0.790398]   Magic number: 0:174:518
[    0.791409] rtc_cmos rtc_cmos: setting system clock to 2020-04-01 06:32:22 UTC (1585722742)
[    0.797944] BIOS EDD facility v0.16 2004-Jun-25, 0 devices found
[    0.799662] EDD information not available.
[    0.871940] Freeing unused kernel image memory: 2432K
[    0.889132] Write protecting the kernel read-only data: 20480k
[    0.892693] Freeing unused kernel image memory: 2008K
[    0.894729] Freeing unused kernel image memory: 1880K
[    0.901879] x86/mm: Checked W+X mappings: passed, no W+X pages found.
[    0.903623] x86/mm: Checking user space page tables
[    0.910655] x86/mm: Checked W+X mappings: passed, no W+X pages found.
Loading, please wait...
starting version 237
[    0.982596] e1000: Intel(R) PRO/1000 Network Driver - version 7.3.21-k8-NAPI
[    0.984140] e1000: Copyright (c) 1999-2006 Intel Corporation.
[    0.988808] Fusion MPT base driver 3.04.20
[    0.991565] Copyright (c) 1999-2008 LSI Corporation
[    0.993121] vboxvideo: loading out-of-tree module taints kernel.
[    0.994264] vboxvideo: module verification failed: signature and/or required key missing - tainting kernel
[    1.001345] Fusion MPT SPI Host driver 3.04.20
[    1.015182] AVX2 version of gcm_enc/dec engaged.
[    1.018964] AES CTR mode by8 optimization enabled
[    1.236789] input: ImExPS/2 Generic Explorer Mouse as /devices/platform/i8042/serio1/input/input4
[    1.443077] e1000 0000:00:03.0 eth0: (PCI:33MHz:32-bit) 02:39:67:45:9c:e6
[    1.445092] e1000 0000:00:03.0 eth0: Intel(R) PRO/1000 Network Connection
[    1.893076] e1000 0000:00:08.0 eth1: (PCI:33MHz:32-bit) 08:00:27:4d:af:38
[    1.894892] e1000 0000:00:08.0 eth1: Intel(R) PRO/1000 Network Connection
[    1.897323] e1000 0000:00:03.0 enp0s3: renamed from eth0
[    1.900067] [drm] VRAM 01000000
[    1.906316] [TTM] Zone  kernel: Available graphics memory: 504312 kiB
[    1.907852] [TTM] Initializing pool allocator
[    1.908969] [TTM] Initializing DMA pool allocator
[    1.911142] fbcon: vboxdrmfb (fb0) is primary device
[    1.912556] Console: switching to colour frame buffer device 100x37
[    1.916298] vboxvideo 0000:00:02.0: fb0: vboxdrmfb frame buffer device
[    1.917732] e1000 0000:00:08.0 enp0s8: renamed from eth1
[    1.940587] [drm] Initialized vboxvideo 1.0.0 20130823 for 0000:00:02.0 on minor 0
[    1.943094] mptbase: ioc0: Initiating bringup
[    2.040331] ioc0: LSI53C1030 A0: Capabilities={Initiator}
[    2.291021] scsi host2: ioc0: LSI53C1030 A0, FwRev=00000000h, Ports=1, MaxQ=256, IRQ=20
[    2.461769] scsi 2:0:0:0: Direct-Access     VBOX     HARDDISK         1.0  PQ: 0 ANSI: 5
[    2.632407] scsi target2:0:0: Beginning Domain Validation
[    2.637807] scsi target2:0:0: Domain Validation skipping write tests
[    2.639195] scsi target2:0:0: Ending Domain Validation
[    2.640193] scsi target2:0:0: asynchronous
[    2.642086] random: fast init done
[    2.643353] scsi 2:0:1:0: Direct-Access     VBOX     HARDDISK         1.0  PQ: 0 ANSI: 5
[    2.979220] scsi target2:0:1: Beginning Domain Validation
[    2.983845] scsi target2:0:1: Domain Validation skipping write tests
[    2.986380] scsi target2:0:1: Ending Domain Validation
[    2.987488] scsi target2:0:1: asynchronous
[    2.998323] random: systemd-udevd: uninitialized urandom read (16 bytes read)
[    3.000187] sd 2:0:0:0: Attached scsi generic sg0 type 0
[    3.000343] random: systemd-udevd: uninitialized urandom read (16 bytes read)
[    3.003966] sd 2:0:0:0: [sda] 20971520 512-byte logical blocks: (10.7 GB/10.0 GiB)
[    3.005531] random: systemd-udevd: uninitialized urandom read (16 bytes read)
[    3.005732] sd 2:0:1:0: [sdb] 20480 512-byte logical blocks: (10.5 MB/10.0 MiB)
[    3.008383] sd 2:0:1:0: Attached scsi generic sg1 type 0
[    3.010236] sd 2:0:0:0: [sda] Write Protect is off
[    3.013492] sd 2:0:1:0: [sdb] Write Protect is off
[    3.013561] sd 2:0:0:0: [sda] Incomplete mode parameter data
[    3.016060] sd 2:0:0:0: [sda] Assuming drive cache: write through
[    3.018512] sd 2:0:1:0: [sdb] Incomplete mode parameter data
[    3.020287] sd 2:0:1:0: [sdb] Assuming drive cache: write through
[    3.020556]  sda: sda1
[    3.023294] sd 2:0:0:0: [sda] Attached SCSI disk
[    3.028052] sd 2:0:1:0: [sdb] Attached SCSI disk
Begin: Loading essential drivers ... [    3.212101] raid6: sse2x1   gen() 11439 MB/s
[    3.260243] raid6: sse2x1   xor()  8573 MB/s
[    3.308225] raid6: sse2x2   gen() 14021 MB/s
[    3.356167] raid6: sse2x2   xor()  6976 MB/s
[    3.404282] raid6: sse2x4   gen() 10913 MB/s
[    3.452208] raid6: sse2x4   xor() 11096 MB/s
[    3.500098] raid6: avx2x1   gen() 24129 MB/s
[    3.548152] raid6: avx2x1   xor() 16521 MB/s
[    3.596208] raid6: avx2x2   gen() 27875 MB/s
[    3.644199] raid6: avx2x2   xor() 16465 MB/s
[    3.692218] raid6: avx2x4   gen() 30501 MB/s
[    3.740566] raid6: avx2x4   xor() 20209 MB/s
[    3.741882] raid6: using algorithm avx2x4 gen() 30501 MB/s
[    3.742923] raid6: .... xor() 20209 MB/s, rmw enabled
[    3.744885] raid6: using avx2x2 recovery algorithm
[    3.747303] xor: automatically using best checksumming function   avx       
[    3.750158] async_tx: api initialized (async)
done.
Begin: Running /scripts/init-premount ... done.
Begin: Mounting root file system ... Begin: Running /scripts/local-top ... done.
Begin: Running /scripts/local-premount ... [    3.790907] Btrfs loaded, crc32c=crc32c-intel
Scanning for Btrfs filesystems
done.
Warning: fsck not present, so skipping root file system
[    3.868499] EXT4-fs (sda1): mounted filesystem with ordered data mode. Opts: (null)
done.
Begin: Running /scripts/local-bottom ... done.
Begin: Running /scripts/init-bottom ... done.
[    4.358091] ip_tables: (C) 2000-2006 Netfilter Core Team
[    4.401490] systemd[1]: systemd 237 running in system mode. (+PAM +AUDIT +SELINUX +IMA +APPARMOR +SMACK +SYSVINIT +UTMP +LIBCRYPTSETUP +GCRYPT +GNUTLS +ACL +XZ +LZ4 +SECCOMP +BLKID +ELFUTILS +KMOD -IDN2 +IDN -PCRE2 default-hierarchy=hybrid)
[    4.416005] systemd[1]: Detected virtualization oracle.
[    4.417956] systemd[1]: Detected architecture x86-64.

Welcome to [1mUbuntu 18.04.4 LTS[0m!

[    4.429447] systemd[1]: Set hostname to <ubuntu-bionic>.
[    5.122043] systemd[1]: Created slice User and Session Slice.
[[0;32m  OK  [0m] Created slice User and Session Slice.
[    5.124377] systemd[1]: Set up automount Arbitrary Executable File Formats File System Automount Point.
[[0;32m  OK  [0m] Set up automount Arbitrary Executabâ€¦rmats File System Automount Point.
[    5.127733] systemd[1]: Created slice System Slice.
[[0;32m  OK  [0m] Created slice System Slice.
[    5.129671] systemd[1]: Listening on /dev/initctl Compatibility Named Pipe.
[[0;32m  OK  [0m] Listening on /dev/initctl Compatibility Named Pipe.
[    5.132002] systemd[1]: Listening on Device-mapper event daemon FIFOs.
[[0;32m  OK  [0m] Listening on Device-mapper event daemon FIFOs.
[    5.134616] systemd[1]: Listening on Syslog Socket.
[[0;32m  OK  [0m] Listening on Syslog Socket.
[[0;32m  OK  [0m] Listening on LVM2 poll daemon socket.
[[0;32m  OK  [0m] Listening on Journal Audit Socket.
[[0;32m  OK  [0m] Reached target Slices.
[[0;32m  OK  [0m] Created slice system-serial\x2dgetty.slice.
[[0;32m  OK  [0m] Listening on udev Control Socket.
[[0;32m  OK  [0m] Listening on LVM2 metadata daemon socket.
[[0;32m  OK  [0m] Listening on udev Kernel Socket.
[[0;32m  OK  [0m] Listening on Journal Socket.
         Starting udev Coldplug all Devices...
         Starting Create list of required stâ€¦ce nodes for the current kernel...
         Starting Monitoring of LVM2 mirrorsâ€¦ng dmeventd or progress polling...
         Starting Set the console keyboard layout...
         Mounting Kernel Debug File System...
         Mounting Huge Pages File System...
         Mounting POSIX Message Queue File System...
[[0;32m  OK  [0m] Started Forward Password Requests to Wall Directory Watch.
[[0;32m  OK  [0m] Reached target User and Group Name Lookups.
         Starting Remount Root and Kernel File Systems...
         Starting Uncomplicated firewall...
[[0;32m  OK  [0m] Listening on Network Service Netlink Socket.
[[0;32m  OK  [0m] Listening on Journal Socket (/dev/log).
         Starting Journal Service...
         Starting Load Kernel Modules...
[[0;32m  OK  [0m] Reached target Swap.
[[0;32m  OK  [0m] Reached target System Time Synchronized.
[[0;32m  OK  [0m] Started Create list of required staâ€¦vice nodes for the current kernel.
[[0;32m  OK  [0m] Started Uncomplicated firewall.
         Starting Create Static Device Nodes in /dev...
[[0;32m  OK  [0m] Mounted Huge Pages File System.
[[0;32m  OK  [0m] Mounted POSIX Message Queue File System.
[[0;32m  OK  [0m] Started Journal Service.
[[0;32m  OK  [0m] Mounted Kernel Debug File System.
[[0;32m  OK  [0m] Started udev Coldplug all Devices.
[    5.426037] EXT4-fs (sda1): re-mounted. Opts: (null)
[[0;32m  OK  [0m] Started Remount Root and Kernel File Systems.
[    5.439847] Loading iSCSI transport class v2.0-870.
         Starting Flush Journal to Persistent Storage...
[    5.478280] iscsi: registered transport (tcp)
[    5.520306] iscsi: registered transport (iser)
         Starting Load/Save Random Seed...
[[0;32m  OK  [0m] Started Load Kernel Modules.
[[0;32m  OK  [0m] Started Create Static Device Nodes in /dev.
[[0;32m  OK  [0m] Started Load/Save Random Seed.
[[0;32m  OK  [0m] Started LVM2 metadata daemon.
         Starting udev Kernel De[    5.596371] random: crng init done
vice Manager...
[    5.596372] random: 7 urandom warning(s) missed due to ratelimiting
         Starting Apply Kernel Variables...
         Mounting FUSE Control File System...
         Mounting Kernel Configuration File System...
[[0;32m  OK  [0m] Mounted FUSE Control File System.
[[0;32m  OK  [0m] Mounted Kernel Configuration File System.
[    5.650578] systemd-journald[411]: Received request to flush runtime journal from PID 1
[[0;32m  OK  [0m] Started Set the console keyboard layout.
[[0;32m  OK  [0m] Started Monitoring of LVM2 mirrors,â€¦sing dmeventd or progress polling.
[[0;32m  OK  [0m] Reached target Local File Systems (Pre).
[[0;32m  OK  [0m] Reached target Local File Systems.
         Starting ebtables ruleset management...
         Starting Tell Plymouth To Write Out Runtime Data...
         Starting AppArmor initialization...
         Starting Set console font and keymap...
[[0;32m  OK  [0m] Started Apply Kernel Variables.
[[0;32m  OK  [0m] Started Tell Plymouth To Write Out Runtime Data.
[[0;32m  OK  [0m] Started Set console font and keymap.
[[0;32m  OK  [0m] Started udev Kernel Device Manager.
[[0;32m  OK  [0m] Started Dispatch Password Requests to Console Directory Watch.
[[0;32m  OK  [0m] Reached target Local Encrypted Volumes.
[[0;32m  OK  [0m] Started ebtables ruleset management.
[[0;32m  OK  [0m] Started Flush Journal to Persistent Storage.
         Starting Create Volatile Files and Directories...
[[0;32m  OK  [0m] Started Create Volatile Files and Directories.
         Starting Update UTMP about System Boot/Shutdown...
[[0;32m  OK  [0m] Started Update UTMP about System Boot/Shutdown.
[[0;32m  OK  [0m] Found device /dev/ttyS0.
[[0;32m  OK  [0m] Listening on Load/Save RF Kill Switch Status /dev/rfkill Watch.
[[0;32m  OK  [0m] Started AppArmor initialization.
         Starting Initial cloud-init job (pre-networking)...
[    9.673382] cloud-init[538]: Cloud-init v. 19.4-33-gbb4131a2-0ubuntu1~18.04.1 running 'init-local' at Wed, 01 Apr 2020 06:32:31 +0000. Up 9.38 seconds.
[[0;32m  OK  [0m] Started Initial cloud-init job (pre-networking).
[[0;32m  OK  [0m] Reached target Network (Pre).
         Starting Network Service...
[[0;32m  OK  [0m] Started Network Service.
         Starting Wait for Network to be Configured...
         Starting Network Name Resolution...
[[0;32m  OK  [0m] Started Network Name Resolution.
[[0;32m  OK  [0m] Reached target Host and Network Name Lookups.
[[0;32m  OK  [0m] Reached target Network.
[[0;32m  OK  [0m] Started Wait for Network to be Configured.
         Starting Initial cloud-init job (metadata service crawler)...
[   12.673507] cloud-init[714]: Cloud-init v. 19.4-33-gbb4131a2-0ubuntu1~18.04.1 running 'init' at Wed, 01 Apr 2020 06:32:34 +0000. Up 12.39 seconds.
[   12.679508] cloud-init[714]: ci-info: ++++++++++++++++++++++++++++++++++++++Net device info+++++++++++++++++++++++++++++++++++++++
[   12.683053] cloud-init[714]: ci-info: +--------+------+-----------------------------+---------------+--------+-------------------+
[   12.686803] cloud-init[714]: ci-info: | Device |  Up  |           Address           |      Mask     | Scope  |     Hw-Address    |
[   12.690711] cloud-init[714]: ci-info: +--------+------+-----------------------------+---------------+--------+-------------------+
[   12.695872] cloud-init[714]: ci-info: | enp0s3 | True |          10.0.2.15          | 255.255.255.0 | global | 02:39:67:45:9c:e6 |
[   12.698432] cloud-init[714]: ci-info: | enp0s3 | True |  fe80::39:67ff:fe45:9ce6/64 |       .       |  link  | 02:39:67:45:9c:e6 |
[   12.712244] cloud-init[714]: ci-info: | enp0s8 | True |        192.168.33.10        | 255.255.255.0 | global | 08:00:27:4d:af:38 |
[   12.715461] cloud-init[714]: ci-info: | enp0s8 | True | fe80::a00:27ff:fe4d:af38/64 |       .       |  link  | 08:00:27:4d:af:38 |
[   12.717796] cloud-init[714]: ci-info: |   lo   | True |          127.0.0.1          |   255.0.0.0   |  host  |         .         |
[   12.720059] cloud-init[714]: ci-info: |   lo   | True |           ::1/128           |       .       |  host  |         .         |
[   12.722361] cloud-init[714]: ci-info: +--------+------+-----------------------------+---------------+--------+-------------------+
[   12.724971] cloud-init[714]: ci-info: +++++++++++++++++++++++++++++Route IPv4 info+++++++++++++++++++++++++++++
[   12.726890] cloud-init[714]: ci-info: +-------+--------------+----------+-----------------+-----------+-------+
[   12.728217] cloud-init[714]: ci-info: | Route | Destination  | Gateway  |     Genmask     | Interface | Flags |
[   12.729615] cloud-init[714]: ci-info: +-------+--------------+----------+-----------------+-----------+-------+
[   12.730981] cloud-init[714]: ci-info: |   0   |   0.0.0.0    | 10.0.2.2 |     0.0.0.0     |   enp0s3  |   UG  |
[   12.733324] cloud-init[714]: ci-info: |   1   |   10.0.2.0   | 0.0.0.0  |  255.255.255.0  |   enp0s3  |   U   |
[   12.735498] cloud-init[714]: ci-info: |   2   |   10.0.2.2   | 0.0.0.0  | 255.255.255.255 |   enp0s3  |   UH  |
[   12.738114] cloud-init[714]: ci-info: |   3   | 192.168.33.0 | 0.0.0.0  |  255.255.255.0  |   enp0s8  |   U   |
[   12.740722] cloud-init[714]: ci-info: +-------+--------------+----------+-----------------+-----------+-------+
[   12.743755] cloud-init[714]: ci-info: +++++++++++++++++++Route IPv6 info+++++++++++++++++++
[   12.745873] cloud-init[714]: ci-info: +-------+-------------+---------+-----------+-------+
[   12.748297] cloud-init[714]: ci-info: | Route | Destination | Gateway | Interface | Flags |
[   12.750449] cloud-init[714]: ci-info: +-------+-------------+---------+-----------+-------+
[   12.752776] cloud-init[714]: ci-info: |   1   |  fe80::/64  |    ::   |   enp0s8  |   U   |
[   12.755157] cloud-init[714]: ci-info: |   2   |  fe80::/64  |    ::   |   enp0s3  |   U   |
[   12.757272] cloud-init[714]: ci-info: |   4   |    local    |    ::   |   enp0s3  |   U   |
[   12.759634] cloud-init[714]: ci-info: |   5   |    local    |    ::   |   enp0s8  |   U   |
[   12.762066] cloud-init[714]: ci-info: |   6   |   ff00::/8  |    ::   |   enp0s8  |   U   |
[   12.764341] cloud-init[714]: ci-info: |   7   |   ff00::/8  |    ::   |   enp0s3  |   U   |
[   12.776328] cloud-init[714]: ci-info: +-------+-------------+---------+-----------+-------+
[[0;32m  OK  [0m] Started Initial cloud-init job (metadata service crawler).
[[0;32m  OK  [0m] Reached target Network is Online.
         Starting Availability of block devices...
[[0;32m  OK  [0m] Reached target Remote File Systems (Pre).
[[0;32m  OK  [0m] Reached target Remote File Systems.
[[0;32m  OK  [0m] Reached target System Initialization.
[[0;32m  OK  [0m] Listening on ACPID Listen Socket.
[[0;32m  OK  [0m] Listening on UUID daemon activation socket.
         Starting LXD - unix socket.
         Starting Socket activation for snappy daemon.
[[0;32m  OK  [0m] Started Message of the Day.
[[0;32m  OK  [0m] Started Daily apt download activities.
[[0;32m  OK  [0m] Started Daily Cleanup of Temporary Directories.
[[0;32m  OK  [0m] Started Daily apt upgrade and clean activities.
[[0;32m  OK  [0m] Started ACPI Events Check.
[[0;32m  OK  [0m] Reached target Paths.
[[0;32m  OK  [0m] Listening on D-Bus System Message Bus Socket.
[[0;32m  OK  [0m] Started Discard unused blocks once a week.
[[0;32m  OK  [0m] Reached target Timers.
[[0;32m  OK  [0m] Listening on Open-iSCSI iscsid Socket.
[[0;32m  OK  [0m] Reached target Cloud-config availability.
[[0;32m  OK  [0m] Started Availability of block devices.
[[0;32m  OK  [0m] Listening on LXD - unix socket.
[[0;32m  OK  [0m] Listening on Socket activation for snappy daemon.
[[0;32m  OK  [0m] Reached target Sockets.
[[0;32m  OK  [0m] Reached target Basic System.
         Starting vboxadd.service...
[[0;32m  OK  [0m] Started irqbalance daemon.
         Starting Accounts Service...
         Starting OpenBSD Secure Shell server...
[[0;32m  OK  [0m] Started D-Bus System Message Bus.
[[0;32m  OK  [0m] Started Deferred execution scheduler.
         Starting Login Service...
         Starting Permit User Sessions...
         Starting Dispatcher daemon for systemd-networkd...
[[0;32m  OK  [0m] Started FUSE filesystem for LXC.
         Starting LSB: automatic crash report generation...
         Starting Snappy daemon...
         Starting System Logging Service...
[[0;32m  OK  [0m] Started Regular background program processing daemon.
         Starting LSB: Record successful boot for GRUB...
         Starting LXD - container startup/shutdown...
[[0;32m  OK  [0m] Started System Logging Service.
[[0;32m  OK  [0m] Started Permit User Sessions.
[[0;32m  OK  [0m] Started OpenBSD Secure Shell server.
[[0;32m  OK  [0m] Started Login Service.
[[0;32m  OK  [0m] Started Unattended Upgrades Shutdown.
         Starting Authorization Manager...
         Starting Terminate Plymouth Boot Screen...
         Starting Hold until boot process finishes up...
[[0;32m  OK  [0m] Started Hold until boot process finishes up.
[[0;32m  OK  [0m] Started Serial Getty on ttyS0.
         Starting Set console scheme...
[[0;32m  OK  [0m] Started Terminate Plymouth Boot Screen.
[[0;32m  OK  [0m] Started Authorization Manager.
[[0;32m  OK  [0m] Started Accounts Service.
[[0;32m  OK  [0m] Started Set console scheme.
[[0;32m  OK  [0m] Created slice system-getty.slice.
[[0;32m  OK  [0m] Started Getty on tty1.
[[0;32m  OK  [0m] Reached target Login Prompts.
[[0;32m  OK  [0m] Created slice User Slice of vagrant.
[[0;32m  OK  [0m] Started LSB: automatic crash report generation.
[[0;32m  OK  [0m] Started LSB: Record successful boot for GRUB.
[[0;32m  OK  [0m] Started Session 1 of user vagrant.
         Starting User Manager for UID 1000...
[[0;32m  OK  [0m] Started Dispatcher daemon for systemd-networkd.
[[0;32m  OK  [0m] Started User Manager for UID 1000.
[[0;32m  OK  [0m] Started LXD - container startup/shutdown.
[[0;32m  OK  [0m] Started Snappy daemon.
         Starting Wait until snapd is fully seeded...
[[0;32m  OK  [0m] Started Wait until snapd is fully seeded.
         Starting Apply the settings specified in cloud-config...
[   18.311208] cloud-init[1187]: Cloud-init v. 19.4-33-gbb4131a2-0ubuntu1~18.04.1 running 'modules:config' at Wed, 01 Apr 2020 06:32:39 +0000. Up 18.19 seconds.
[[0;32m  OK  [0m] Started vboxadd.service.
         Starting vboxadd-service.service...
[[0;32m  OK  [0m] Started Apply the settings specified in cloud-config.
[[0;32m  OK  [0m] Started vboxadd-service.service.
[[0;32m  OK  [0m] Reached target Multi-User System.
[[0;32m  OK  [0m] Reached target Graphical Interface.
         Starting Update UTMP about System Runlevel Changes...
         Starting Execute cloud user/final scripts...
[[0;32m  OK  [0m] Started Update UTMP about System Runlevel Changes.
[   18.978988] cloud-init[1393]: Cloud-init v. 19.4-33-gbb4131a2-0ubuntu1~18.04.1 running 'modules:final' at Wed, 01 Apr 2020 06:32:40 +0000. Up 18.88 seconds.
[   18.982385] cloud-init[1393]: Cloud-init v. 19.4-33-gbb4131a2-0ubuntu1~18.04.1 finished at Wed, 01 Apr 2020 06:32:40 +0000. Datasource DataSourceNoCloud [seed=/dev/sdb][dsmode=net].  Up 18.97 seconds
[[0;32m  OK  [0m] Started Execute cloud user/final scripts.
[[0;32m  OK  [0m] Reached target Cloud-init target.

Ubuntu 18.04.4 LTS ubuntu-bionic ttyS0

ubuntu-bionic login: 